INIT R1 B2 G2 Y2 Y3 B4 G3 B4 R3 G3
FIRST c1+ G2 B3 0
SECOND c1- G3 R2 0
FIRST c2- Y2 Y1 0
SECOND b1+ G3 G2 0
FIRST c2+ B2 B1 0
SECOND b1- G2 G2 0
FIRST b2- B3 G3 0
SECOND a1+ G2 B2 0
FIRST a2+ Y3 R3 0
SECOND b2+ B4 Y1 0
FIRST a2- G3 G1 0
SECOND b3- B2 G4 0
FIRST a3- R3 B3 0
SECOND a3+ B4 R4 0
FIRST c3- B1 R3 0
SECOND d1+ R3 Y1 0
FIRST b3+ G1 B1 0
SECOND e1- R2 B1 0
FIRST b4- Y1 G3 0
SECOND e1+ R4 R2 0
FIRST b4+ B1 B2 0
SECOND f1- R2 Y3 0
FIRST f1+ B2 Y4 0
SECOND d2- B1 R4 0
FIRST a4+ R1 R4 0
SECOND e2- R4 G1 0
FIRST e2+ Y4 Y1 0
SECOND f2- Y1 Y3 0
FIRST d2+ R4 R2 0
SECOND f2+ Y3 B3 0
FIRST f3- R3 G2 0
SECOND e3- Y1 G4 0
FIRST e3+ Y1 R2 0
SECOND d3+ Y3 G1 0
FIRST d3- G3 R1 0
SECOND c4- B3 Y4 0
FIRST c4+ B3 R4 0
SECOND e4- Y4 B1 0
FIRST d4+ R4 G1 0
SECOND c5- B1 R1 0
FIRST b5+ G1 G4 0
SECOND b5- G4 Y2 0
FIRST a5+ G4 G4 0
SECOND e4+ Y2 R3 0
FIRST f4- G2 B4 0
SECOND a6- G1 Y2 0
FIRST a6+ R1 Y4 0
SECOND e5- Y2 R1 0
FIRST d5+ R2 B4 0
SECOND b6- G4 B3 0
FIRST b6+ B4 Y2 0
SECOND c5+ B3 B2 0
FIRST d5- R2 Y3 0
SECOND c6- B2 Y4 0
FIRST d6- Y2 X0 0
SECOND e5+ Y4 X0 0
FIRST f5- B4 X0 0
SECOND f4+ G1 X0 0
FIRST f5+ Y4 X0 0
SECOND a5- R3 X0 0
FIRST e6- G4 X0 0
SECOND d6+ R1 X0 0
FIRST e6+ Y3 X0 0
SECOND f6- R1 X0 0
SCOREFIRST 196
SCORESECOND 304
