INIT G4 Y1 Y1 R3 G1 G3 G4 R3 B1 G4
FIRST b2+ Y1 B2 0
SECOND a1+ G3 R2 0
FIRST b2- G1 R4 0
SECOND b1- G4 B4 0
FIRST b1+ Y1 B1 0
SECOND a2- G4 R3 0
FIRST a2+ B1 G3 0
SECOND a3- B4 G2 0
FIRST a3+ R4 R2 0
SECOND b3- R3 Y4 0
FIRST b3+ G3 R1 0
SECOND c1- Y4 Y3 0
FIRST c2- R1 G1 0
SECOND c1+ Y3 Y2 0
FIRST b4- R3 R1 0
SECOND c2+ R2 R4 0
FIRST c3- B2 Y3 0
SECOND d2- R3 G1 0
FIRST d2+ Y3 B4 0
SECOND d1+ R4 Y3 0
FIRST e1- G4 Y3 0
SECOND e1+ G2 Y2 0
FIRST e2- R2 G3 0
SECOND f1- G1 Y1 0
FIRST f1+ R1 B4 0
SECOND d3- Y2 B4 0
FIRST f2- G1 R3 0
SECOND d3+ Y3 B1 0
FIRST e3- R3 G2 0
SECOND e2+ B4 R1 0
FIRST e3+ G3 B3 0
SECOND a4+ R1 Y1 0
FIRST e4- B3 B3 0
SECOND d4+ B1 B2 0
FIRST e4+ Y3 Y4 0
SECOND d5- B2 R2 0
FIRST e5- B3 Y2 0
SECOND d5+ B1 G2 0
FIRST e5+ G2 B1 0
SECOND b4+ R2 G3 0
FIRST e6- Y2 Y4 0
SECOND f2+ G2 R1 0
FIRST b5+ Y4 R2 0
SECOND c4- R1 B2 0
FIRST c4+ B1 G2 0
SECOND d6- B2 G1 0
FIRST d6+ G2 G4 0
SECOND f3- G1 B3 0
FIRST f5- R2 Y2 0
SECOND c5+ B3 Y4 0
FIRST c5- G4 B2 0
SECOND f4- Y2 R4 0
FIRST f5+ B2 R4 0
SECOND a5- R4 B3 0
FIRST e6+ Y2 X0 0
SECOND c6- B3 X0 0
FIRST b5- B4 X0 0
SECOND f4+ Y1 X0 0
FIRST a5+ Y4 X0 0
SECOND f6- Y1 X0 0
FIRST b6- B4 X0 0
SECOND a6- G3 X0 0
FIRST a6+ R4 X0 0
SECOND b6+ Y4 X0 0
SCOREFIRST 238
SCORESECOND 204
